
  [01;33mThis stage is deprecated. Please consider moving to a new stage (2026
or newer)[0m


The following have been reloaded with a version change:
  1) sympy/1.13.1 => sympy/1.13.3

cpu_bind=THREADS - jpbo-061-46, task  0  0 [1206709]: mask 0xffffffffffffffffff set
`torch_dtype` is deprecated! Use `dtype` instead!
Loading checkpoint shards:   0%|          | 0/2 [00:00<?, ?it/s]Loading checkpoint shards:  50%|█████     | 1/2 [00:05<00:05,  5.56s/it]Loading checkpoint shards: 100%|██████████| 2/2 [00:05<00:00,  2.47s/it]Loading checkpoint shards: 100%|██████████| 2/2 [00:05<00:00,  2.93s/it]
cpu_bind=THREADS - jpbo-061-46, task  0  0 [1207056]: mask 0xffffffffffffffffff set
/e/project1/nxtaim-1/huber7/env_radargen_jupiter/lib/python3.12/site-packages/mmcv/__init__.py:20: UserWarning: On January 1, 2023, MMCV will release v2.0.0, in which it will remove components related to the training process and add a data transformation module. In addition, it will rename the package names mmcv to mmcv-lite and mmcv-full to mmcv. See https://github.com/open-mmlab/mmcv/blob/master/docs/en/compatibility.md for more details.
  warnings.warn(
/e/project1/nxtaim-1/huber7/env_radargen_jupiter/lib/python3.12/site-packages/timm/models/layers/__init__.py:49: FutureWarning: Importing from timm.models.layers is deprecated, please import via timm.layers
  warnings.warn(f"Importing from {__name__} is deprecated, please import via timm.layers", FutureWarning)
/e/project1/nxtaim-1/huber7/repos/RadarGen/UniDepth/unidepth/utils/chamfer_distance.py:9: UserWarning: !! To run evaluation you need KNN. Please compile KNN: `cd unidepth/ops/knn with && bash compile.sh`.
  warnings.warn(
2026-10-04 03:42:02 - [Sana] - WARNING - use pe: False, position embed interpolation: 1.0, base size: 16
2026-10-04 03:42:02 - [Sana] - WARNING - attention type: linear; ffn type: glumbconv; autocast linear attn: False
2026-10-04 03:42:06 - [Sana] - INFO - Load checkpoint from /e/project1/nxtaim-1/huber7/pretrained/Sana_600M_512px/checkpoints/Sana_600M_512px_MultiLing.pth. Load ema: False.
INFO:radargen.training.ppp_initialization:SANA missing keys: ['modality_pe', 'pos_embed']; unexpected keys: []
INFO:radargen.training.ppp_initialization:PPP PatchEmbedMS.proj initialized: (1152, 99, 1, 1)
INFO:radargen.training.ppp_initialization:DC-AE output before adaptation: in=128 kernel=(3, 3) stride=(1, 1) padding=(1, 1) dtype=torch.float32 device=cuda:0
INFO:radargen.training.ppp_initialization:PPP adapted shapes: input=(1152, 99, 1, 1) modality=(3, 3) output=(1, 128, 3, 3)
