
  [01;33mThis stage is deprecated. Please consider moving to a new stage (2026
or newer)[0m


The following have been reloaded with a version change:
  1) sympy/1.13.1 => sympy/1.13.3

cpu_bind=THREADS - jpbo-102-36, task  0  0 [988760]: mask 0xffffffffffffffffff set
/e/project1/nxtaim-1/huber7/env_radargen_jupiter/lib/python3.12/site-packages/mmcv/__init__.py:20: UserWarning: On January 1, 2023, MMCV will release v2.0.0, in which it will remove components related to the training process and add a data transformation module. In addition, it will rename the package names mmcv to mmcv-lite and mmcv-full to mmcv. See https://github.com/open-mmlab/mmcv/blob/master/docs/en/compatibility.md for more details.
  warnings.warn(
/e/project1/nxtaim-1/huber7/env_radargen_jupiter/lib/python3.12/site-packages/timm/models/layers/__init__.py:49: FutureWarning: Importing from timm.models.layers is deprecated, please import via timm.layers
  warnings.warn(f"Importing from {__name__} is deprecated, please import via timm.layers", FutureWarning)
/e/project1/nxtaim-1/huber7/repos/RadarGen/diffusion/model/nets/fastlinear/modules/nn/norm.py:186: UserWarning: Cannot import apex RMSNorm, switch to vanilla implementation
  warnings.warn("Cannot import apex RMSNorm, switch to vanilla implementation")
2026-10-04 06:53:41 - [Sana] - WARNING - use pe: False, position embed interpolation: 1.0, base size: 16
2026-10-04 06:53:41 - [Sana] - WARNING - attention type: linear; ffn type: glumbconv; autocast linear attn: False
/e/project1/nxtaim-1/huber7/repos/RadarGen/UniDepth/unidepth/utils/chamfer_distance.py:9: UserWarning: !! To run evaluation you need KNN. Please compile KNN: `cd unidepth/ops/knn with && bash compile.sh`.
  warnings.warn(
2026-10-04 06:53:49 - [Sana] - INFO - Load checkpoint from /e/project1/nxtaim-1/huber7/pretrained/Sana_600M_512px/checkpoints/Sana_600M_512px_MultiLing.pth. Load ema: False.
INFO:radargen.training.ppp_initialization:SANA missing keys: ['modality_pe', 'pos_embed']; unexpected keys: []
INFO:radargen.training.ppp_initialization:PPP PatchEmbedMS.proj initialized: (1152, 99, 1, 1)
INFO:radargen.training.ppp_initialization:DC-AE output before adaptation: in=128 kernel=(3, 3) stride=(1, 1) padding=(1, 1) dtype=torch.float32 device=cuda:0
INFO:radargen.training.ppp_initialization:PPP adapted shapes: input=(1152, 99, 1, 1) modality=(3, 3) output=(1, 128, 3, 3)
2026-10-04 06:54:54 - [Sana] - INFO - Automatically adapt lr to 0.00001 (using sqrt scaling rule).
2026-10-04 06:54:54 - [Sana] - INFO - CAMEWrapper Optimizer: total 615 param groups, 615 are learnable, 0 are fix. Lr group: 615 params with lr 0.00001; Weight decay group: 615 params with weight decay 0.0.
2026-10-04 06:54:54 - [Sana] - INFO - Lr schedule: constant, num_warmup_steps:20.
Loading checkpoint shards:   0%|          | 0/2 [00:00<?, ?it/s]Loading checkpoint shards:  50%|█████     | 1/2 [00:05<00:05,  5.33s/it]Loading checkpoint shards: 100%|██████████| 2/2 [00:05<00:00,  2.33s/it]Loading checkpoint shards: 100%|██████████| 2/2 [00:05<00:00,  2.78s/it]
INFO:ppp_overfit:WP8 eval step 0: {"loss_total": 41.46307945251465, "loss_ppp_raw": 12.077788591384888, "loss_rcs_raw": 12.258824348449707, "loss_doppler_raw": 17.12646746635437, "expected_count": 1.8666432831993123, "active_cell_count": 862.0, "count_abs_error_active": 860.1333567168008, "rcs_mae_at_targets": 12.25882416758316, "doppler_mae_at_targets": 17.126467529771904}
INFO:ppp_training:PPP update 1: {'loss_total': 40.0052490234375, 'loss_ppp_raw': 12.04541015625, 'loss_rcs_raw': 12.14352035522461, 'loss_doppler_raw': 15.816319465637207, 'loss_ppp_weighted': 12.04541015625, 'loss_rcs_weighted': 12.14352035522461, 'loss_doppler_weighted': 15.816319465637207, 'grad_norm': 2.8057615756988525, 'lr': 6.25e-07}
INFO:ppp_training:PPP update 10: {'loss_total': 39.71142578125, 'loss_ppp_raw': 11.827601432800293, 'loss_rcs_raw': 12.169718742370605, 'loss_doppler_raw': 15.714107513427734, 'loss_ppp_weighted': 11.827601432800293, 'loss_rcs_weighted': 12.169718742370605, 'loss_doppler_weighted': 15.714107513427734, 'grad_norm': 1.6688976287841797, 'lr': 6.25e-06}
INFO:ppp_training:PPP update 20: {'loss_total': 39.30809783935547, 'loss_ppp_raw': 11.717982292175293, 'loss_rcs_raw': 12.563413619995117, 'loss_doppler_raw': 15.026704788208008, 'loss_ppp_weighted': 11.717982292175293, 'loss_rcs_weighted': 12.563413619995117, 'loss_doppler_weighted': 15.026704788208008, 'grad_norm': 8.642175674438477, 'lr': 1.25e-05}
INFO:ppp_overfit:WP8 eval step 25: {"loss_total": 40.542202949523926, "loss_ppp_raw": 11.598550796508789, "loss_rcs_raw": 13.679962635040283, "loss_doppler_raw": 15.263689994812012, "expected_count": 3.0185278095110544, "active_cell_count": 862.0, "count_abs_error_active": 858.981472190489, "rcs_mae_at_targets": 13.6799627420586, "doppler_mae_at_targets": 15.263690384821267}
INFO:ppp_training:PPP update 30: {'loss_total': 38.79741287231445, 'loss_ppp_raw': 11.612957954406738, 'loss_rcs_raw': 13.667557716369629, 'loss_doppler_raw': 13.51689624786377, 'loss_ppp_weighted': 11.612957954406738, 'loss_rcs_weighted': 13.667557716369629, 'loss_doppler_weighted': 13.51689624786377, 'grad_norm': 11.926959991455078, 'lr': 1.25e-05}
INFO:ppp_training:PPP update 40: {'loss_total': 38.614044189453125, 'loss_ppp_raw': 11.503576278686523, 'loss_rcs_raw': 14.749382972717285, 'loss_doppler_raw': 12.361085891723633, 'loss_ppp_weighted': 11.503576278686523, 'loss_rcs_weighted': 14.749382972717285, 'loss_doppler_weighted': 12.361085891723633, 'grad_norm': 9.429097175598145, 'lr': 1.25e-05}
INFO:ppp_training:PPP update 50: {'loss_total': 38.594459533691406, 'loss_ppp_raw': 11.509016990661621, 'loss_rcs_raw': 14.528175354003906, 'loss_doppler_raw': 12.557266235351562, 'loss_ppp_weighted': 11.509016990661621, 'loss_rcs_weighted': 14.528175354003906, 'loss_doppler_weighted': 12.557266235351562, 'grad_norm': 14.166221618652344, 'lr': 1.25e-05}
INFO:ppp_overfit:WP8 eval step 50: {"loss_total": 40.16237163543701, "loss_ppp_raw": 11.39576005935669, "loss_rcs_raw": 15.943554401397705, "loss_doppler_raw": 12.823057889938354, "expected_count": 4.721873231864446, "active_cell_count": 862.0, "count_abs_error_active": 857.2781267681355, "rcs_mae_at_targets": 15.943554959743054, "doppler_mae_at_targets": 12.823057370283601}
INFO:ppp_training:PPP update 60: {'loss_total': 38.51091384887695, 'loss_ppp_raw': 11.415523529052734, 'loss_rcs_raw': 15.349811553955078, 'loss_doppler_raw': 11.745579719543457, 'loss_ppp_weighted': 11.415523529052734, 'loss_rcs_weighted': 15.349811553955078, 'loss_doppler_weighted': 11.745579719543457, 'grad_norm': 3.165587902069092, 'lr': 1.25e-05}
INFO:ppp_training:PPP update 70: {'loss_total': 38.38317108154297, 'loss_ppp_raw': 11.659100532531738, 'loss_rcs_raw': 12.903952598571777, 'loss_doppler_raw': 13.820119857788086, 'loss_ppp_weighted': 11.659100532531738, 'loss_rcs_weighted': 12.903952598571777, 'loss_doppler_weighted': 13.820119857788086, 'grad_norm': 69.74024200439453, 'lr': 1.25e-05}
INFO:ppp_overfit:WP8 eval step 75: {"loss_total": 36.04392147064209, "loss_ppp_raw": 11.532745838165283, "loss_rcs_raw": 12.386904001235962, "loss_doppler_raw": 12.124272584915161, "expected_count": 3.6521818422991688, "active_cell_count": 862.0, "count_abs_error_active": 858.3478181577008, "rcs_mae_at_targets": 12.386903912379859, "doppler_mae_at_targets": 12.124272708243732}
INFO:ppp_training:PPP update 80: {'loss_total': 35.608489990234375, 'loss_ppp_raw': 11.538809776306152, 'loss_rcs_raw': 12.14566421508789, 'loss_doppler_raw': 11.924015998840332, 'loss_ppp_weighted': 11.538809776306152, 'loss_rcs_weighted': 12.14566421508789, 'loss_doppler_weighted': 11.924015998840332, 'grad_norm': 249.20803833007812, 'lr': 1.25e-05}
INFO:ppp_training:PPP update 90: {'loss_total': 35.37553405761719, 'loss_ppp_raw': 11.444708824157715, 'loss_rcs_raw': 12.009138107299805, 'loss_doppler_raw': 11.921688079833984, 'loss_ppp_weighted': 11.444708824157715, 'loss_rcs_weighted': 12.009138107299805, 'loss_doppler_weighted': 11.921688079833984, 'grad_norm': 157.73385620117188, 'lr': 1.25e-05}
INFO:ppp_training:PPP update 100: {'loss_total': 38.057861328125, 'loss_ppp_raw': 11.247029304504395, 'loss_rcs_raw': 14.699507713317871, 'loss_doppler_raw': 12.111326217651367, 'loss_ppp_weighted': 11.247029304504395, 'loss_rcs_weighted': 14.699507713317871, 'loss_doppler_weighted': 12.111326217651367, 'grad_norm': 171.4893341064453, 'lr': 1.25e-05}
2026-10-04 06:59:20 - [Sana] - INFO - Saved checkpoint of epoch 99 to /e/project1/nxtaim-1/huber7/repos/RadarGen/output/RadarGen_PPP_WP8_overfit_2166761/checkpoints/tmp6gqp9apv/epoch_99_step_100.pth.
INFO:ppp_training:PPP checkpoint saved: output/RadarGen_PPP_WP8_overfit_2166761/checkpoints/epoch_99_step_100.pth; progress={'epoch': 99, 'batch_in_epoch': 4, 'global_step': 100}
INFO:ppp_overfit:WP8 eval step 100: {"loss_total": 37.79634761810303, "loss_ppp_raw": 11.118129968643188, "loss_rcs_raw": 14.474419355392456, "loss_doppler_raw": 12.203797817230225, "expected_count": 7.250812581446898, "active_cell_count": 862.0, "count_abs_error_active": 854.7491874185531, "rcs_mae_at_targets": 14.474419566441803, "doppler_mae_at_targets": 12.20379826742633}
INFO:ppp_training:PPP update 110: {'loss_total': 35.15367889404297, 'loss_ppp_raw': 11.334505081176758, 'loss_rcs_raw': 11.973636627197266, 'loss_doppler_raw': 11.845539093017578, 'loss_ppp_weighted': 11.334505081176758, 'loss_rcs_weighted': 11.973636627197266, 'loss_doppler_weighted': 11.845539093017578, 'grad_norm': 357.08026123046875, 'lr': 1.25e-05}
INFO:ppp_training:PPP update 120: {'loss_total': 34.880855560302734, 'loss_ppp_raw': 11.254880905151367, 'loss_rcs_raw': 11.967164039611816, 'loss_doppler_raw': 11.658808708190918, 'loss_ppp_weighted': 11.254880905151367, 'loss_rcs_weighted': 11.967164039611816, 'loss_doppler_weighted': 11.658808708190918, 'grad_norm': 92.50043487548828, 'lr': 1.25e-05}
INFO:ppp_overfit:WP8 eval step 125: {"loss_total": 34.60952186584473, "loss_ppp_raw": 11.292116165161133, "loss_rcs_raw": 12.115926027297974, "loss_doppler_raw": 11.201479196548462, "expected_count": 7.308766099259737, "active_cell_count": 862.0, "count_abs_error_active": 854.6912339007404, "rcs_mae_at_targets": 12.115926370851469, "doppler_mae_at_targets": 11.201479231884088}
INFO:ppp_training:PPP update 130: {'loss_total': 34.463287353515625, 'loss_ppp_raw': 11.125384330749512, 'loss_rcs_raw': 11.968914985656738, 'loss_doppler_raw': 11.368988990783691, 'loss_ppp_weighted': 11.125384330749512, 'loss_rcs_weighted': 11.968914985656738, 'loss_doppler_weighted': 11.368988990783691, 'grad_norm': 61.244258880615234, 'lr': 1.25e-05}
INFO:ppp_training:PPP update 140: {'loss_total': 33.80851364135742, 'loss_ppp_raw': 10.596138954162598, 'loss_rcs_raw': 11.9700345993042, 'loss_doppler_raw': 11.242339134216309, 'loss_ppp_weighted': 10.596138954162598, 'loss_rcs_weighted': 11.9700345993042, 'loss_doppler_weighted': 11.242339134216309, 'grad_norm': 120.6485595703125, 'lr': 1.25e-05}
INFO:ppp_training:PPP update 150: {'loss_total': 33.1134147644043, 'loss_ppp_raw': 9.954998970031738, 'loss_rcs_raw': 11.954231262207031, 'loss_doppler_raw': 11.204184532165527, 'loss_ppp_weighted': 9.954998970031738, 'loss_rcs_weighted': 11.954231262207031, 'loss_doppler_weighted': 11.204184532165527, 'grad_norm': 92.50804138183594, 'lr': 1.25e-05}
INFO:ppp_overfit:WP8 eval step 150: {"loss_total": 33.38347148895264, "loss_ppp_raw": 9.816654205322266, "loss_rcs_raw": 12.117866277694702, "loss_doppler_raw": 11.44895076751709, "expected_count": 14.674835977215608, "active_cell_count": 862.0, "count_abs_error_active": 847.3251640227844, "rcs_mae_at_targets": 12.117865538328704, "doppler_mae_at_targets": 11.448950464822175}
INFO:ppp_training:PPP update 160: {'loss_total': 32.69233322143555, 'loss_ppp_raw': 9.627278327941895, 'loss_rcs_raw': 11.929680824279785, 'loss_doppler_raw': 11.13537311553955, 'loss_ppp_weighted': 9.627278327941895, 'loss_rcs_weighted': 11.929680824279785, 'loss_doppler_weighted': 11.13537311553955, 'grad_norm': 129.0818634033203, 'lr': 1.25e-05}
INFO:ppp_training:PPP update 170: {'loss_total': 32.34996032714844, 'loss_ppp_raw': 9.388406753540039, 'loss_rcs_raw': 11.892207145690918, 'loss_doppler_raw': 11.06934642791748, 'loss_ppp_weighted': 9.388406753540039, 'loss_rcs_weighted': 11.892207145690918, 'loss_doppler_weighted': 11.06934642791748, 'grad_norm': 67.7913589477539, 'lr': 1.25e-05}
INFO:ppp_overfit:WP8 eval step 175: {"loss_total": 32.31157207489014, "loss_ppp_raw": 9.276350736618042, "loss_rcs_raw": 12.05057668685913, "loss_doppler_raw": 10.984644651412964, "expected_count": 25.273328769977592, "active_cell_count": 862.0, "count_abs_error_active": 836.7266712300225, "rcs_mae_at_targets": 12.05057602859566, "doppler_mae_at_targets": 10.984644927664654}
INFO:ppp_training:PPP update 180: {'loss_total': 32.00187301635742, 'loss_ppp_raw': 9.159228324890137, 'loss_rcs_raw': 11.828568458557129, 'loss_doppler_raw': 11.01407527923584, 'loss_ppp_weighted': 9.159228324890137, 'loss_rcs_weighted': 11.828568458557129, 'loss_doppler_weighted': 11.01407527923584, 'grad_norm': 149.0601348876953, 'lr': 1.25e-05}
INFO:ppp_training:PPP update 190: {'loss_total': 31.542526245117188, 'loss_ppp_raw': 8.980010986328125, 'loss_rcs_raw': 11.635420799255371, 'loss_doppler_raw': 10.927092552185059, 'loss_ppp_weighted': 8.980010986328125, 'loss_rcs_weighted': 11.635420799255371, 'loss_doppler_weighted': 10.927092552185059, 'grad_norm': 89.99895477294922, 'lr': 1.25e-05}
INFO:ppp_training:PPP update 200: {'loss_total': 26.249267578125, 'loss_ppp_raw': 9.149555206298828, 'loss_rcs_raw': 8.351049423217773, 'loss_doppler_raw': 8.748662948608398, 'loss_ppp_weighted': 9.149555206298828, 'loss_rcs_weighted': 8.351049423217773, 'loss_doppler_weighted': 8.748662948608398, 'grad_norm': 179.50796508789062, 'lr': 1.25e-05}
2026-10-04 07:03:16 - [Sana] - INFO - Saved checkpoint of epoch 199 to /e/project1/nxtaim-1/huber7/repos/RadarGen/output/RadarGen_PPP_WP8_overfit_2166761/checkpoints/tmpsch8q092/epoch_199_step_200.pth.
INFO:ppp_training:PPP checkpoint saved: output/RadarGen_PPP_WP8_overfit_2166761/checkpoints/epoch_199_step_200.pth; progress={'epoch': 199, 'batch_in_epoch': 4, 'global_step': 200}
INFO:ppp_overfit:WP8 eval step 200: {"loss_total": 24.97393226623535, "loss_ppp_raw": 9.346325874328613, "loss_rcs_raw": 7.314742684364319, "loss_doppler_raw": 8.312864065170288, "expected_count": 32.21275313513477, "active_cell_count": 862.0, "count_abs_error_active": 829.7872468648653, "rcs_mae_at_targets": 7.314742913261388, "doppler_mae_at_targets": 8.312863810747311}
